// Jest Snapshot v1, https://goo.gl/fbAQLP

exports[`renders CoinCard using Snapshots 1`] = `
<View
  style={
    Object {
      "backgroundColor": "#FFFFFF",
      "borderRadius": 5,
      "marginHorizontal": 20,
    }
  }
>
  <View
    style={
      Object {
        "alignItems": "center",
        "backgroundColor": "#FFFFFF",
        "borderColor": "#FFFFFF",
        "borderRadius": 32,
        "borderWidth": 2,
        "height": 64,
        "marginHorizontal": 10,
        "marginTop": -32,
        "position": "absolute",
        "width": 64,
      }
    }
  >
    <View
      style={
        Array [
          Object {
            "overflow": "hidden",
          },
          Object {
            "height": 60,
            "width": 60,
          },
        ]
      }
    >
      <FastImageView
        resizeMode="contain"
        source={
          Object {
            "priority": "normal",
            "uri": "https://s2.coinmarketcap.com/static/img/coins/64x64/1.png",
          }
        }
        style={
          Object {
            "bottom": 0,
            "left": 0,
            "position": "absolute",
            "right": 0,
            "top": 0,
          }
        }
      />
    </View>
  </View>
  <View
    style={
      Object {
        "alignItems": "flex-start",
        "marginHorizontal": 20,
        "marginVertical": 10,
      }
    }
  >
    <Text
      style={
        Object {
          "alignSelf": "center",
          "color": "#484848",
          "fontSize": 20,
          "fontWeight": "bold",
          "marginBottom": 6,
        }
      }
      testID="card-title"
    >
      Bitcoin
    </Text>
    <Text
      style={
        Object {
          "color": "#8193AE",
          "fontSize": 14,
        }
      }
      testID="card-description"
    >
      Bitcoin (BTC) is a consensus network that enables a new payment system and a completely digital currency. Powered by its users, it is a peer to peer payment network that requires no central authority to operate. On October 31st, 2008, an individual or group of individuals operating under the pseudonym "Satoshi Nakamoto" published the Bitcoin Whitepaper and described it as: "a purely peer-to-peer version of electronic cash, which would allow online payments to be sent directly from one party to another without going through a financial institution."
    </Text>
    <View
      style={
        Object {
          "alignSelf": "flex-end",
          "flexDirection": "row",
          "justifyContent": "flex-end",
          "marginBottom": 6,
          "marginTop": 12,
        }
      }
    >
      <Text
        style={
          Object {
            "alignSelf": "center",
            "color": "#56CB8F",
            "fontSize": 14,
            "fontWeight": "bold",
            "lineHeight": 17,
            "marginHorizontal": 5,
          }
        }
      >
        mineable
      </Text>
    </View>
  </View>
</View>
`;
